<?xml version="1.0" encoding="UTF-8"?>
<TestRun id="49dc3e9b-7a57-4aa6-875c-56e2a78f99ef" name="Yelisey@YELISEY-PROF 2014-12-09 15:02:58" runUser="YELISEY-PROF\Yelisey" xmlns="http://microsoft.com/schemas/VisualStudio/TeamTest/2010">
  <TestSettings name="Local" id="76c1d3dc-dbdc-4067-96fe-7f6ae132dcb8">
    <Description>These are default test settings for a local test run.</Description>
    <Deployment userDeploymentRoot="C:\Users\Yelisey\Desktop\RSAPR\Новая папка\Shaft\TestResults" useDefaultDeploymentRoot="false" enabled="false" runDeploymentRoot="Yelisey_YELISEY-PROF 2014-12-09 15_02_58">
      <DeploymentItem filename="C:\Program Files (x86)\ASCON\KOMPAS-3D V14\SDK\C#\Automation\AxInterop.KGAXLib.dll" />
      <DeploymentItem filename="C:\Program Files (x86)\NUnit 2.6.3\bin\framework\nunit.framework.dll" />
      <DeploymentItem filename="C:\Program Files (x86)\NUnit 2.6.3\bin\framework\nunit.mocks.dll" />
      <DeploymentItem filename="C:\Users\Yelisey\Desktop\RSAPR\Новая папка\Shaft\Shaft\bin\Release\Shaft.exe" />
      <DeploymentItem filename="C:\Program Files (x86)\ASCON\KOMPAS-3D V14\SDK\C#\Common\KAPITypes.dll" />
    </Deployment>
    <Execution>
      <TestTypeSpecific />
      <AgentRule name="Execution Agents">
      </AgentRule>
    </Execution>
  </TestSettings>
  <Times creation="2014-12-09T15:02:58.8275407+06:00" queuing="2014-12-09T15:03:00.2288602+06:00" start="2014-12-09T15:03:00.3238849+06:00" finish="2014-12-09T15:03:01.6490798+06:00" />
  <ResultSummary outcome="Completed">
    <Counters total="6" executed="6" passed="6" error="0" failed="0" timeout="0" aborted="0" inconclusive="0" passedButRunAborted="0" notRunnable="0" notExecuted="0" disconnected="0" warning="0" completed="0" inProgress="0" pending="0" />
  </ResultSummary>
  <TestDefinitions>
    <UnitTest name="MainShaftConstructorTest1" storage="c:\users\yelisey\desktop\rsapr\новая папка\shaft\shafttestproject\bin\release\shafttestproject.dll" id="73b5c701-5b4c-7609-18f0-998d7642eaf6">
      <Execution id="68da6e99-a2f2-4945-89aa-870506d10c72" />
      <TestMethod codeBase="C:/Users/Yelisey/Desktop/RSAPR/Новая папка/Shaft/ShaftTestProject/bin/Release/ShaftTestProject.DLL" adapterTypeName="Microsoft.VisualStudio.TestTools.TestTypes.Unit.UnitTestAdapter, Microsoft.VisualStudio.QualityTools.Tips.UnitTest.Adapter, Version=10.0.0.0, Culture=neutral, PublicKeyToken=b03f5f7f11d50a3a" className="ShaftTestProject.MainShaftTest, ShaftTestProject, Version=1.0.0.0, Culture=neutral, PublicKeyToken=null" name="MainShaftConstructorTest1" />
    </UnitTest>
    <UnitTest name="SpecificationGeneralConstructorTest" storage="c:\users\yelisey\desktop\rsapr\новая папка\shaft\shafttestproject\bin\release\shafttestproject.dll" id="fb5869dc-1fb4-3106-ead5-f9d228aecce1">
      <Execution id="1fcf60b6-99ff-4ed2-8c46-4f14505af2e3" />
      <TestMethod codeBase="C:/Users/Yelisey/Desktop/RSAPR/Новая папка/Shaft/ShaftTestProject/bin/Release/ShaftTestProject.DLL" adapterTypeName="Microsoft.VisualStudio.TestTools.TestTypes.Unit.UnitTestAdapter, Microsoft.VisualStudio.QualityTools.Tips.UnitTest.Adapter, Version=10.0.0.0, Culture=neutral, PublicKeyToken=b03f5f7f11d50a3a" className="ShaftTestProject.SpecificationGeneralTest, ShaftTestProject, Version=1.0.0.0, Culture=neutral, PublicKeyToken=null" name="SpecificationGeneralConstructorTest" />
    </UnitTest>
    <UnitTest name="SpecificationData_InformationForSpecificationConstructorTest" storage="c:\users\yelisey\desktop\rsapr\новая папка\shaft\shafttestproject\bin\release\shafttestproject.dll" id="97efb2d1-8907-be84-d929-4b8e1fa3252d">
      <Execution id="36e25c2d-0052-4778-be8b-3a6c808fbe6e" />
      <TestMethod codeBase="C:/Users/Yelisey/Desktop/RSAPR/Новая папка/Shaft/ShaftTestProject/bin/Release/ShaftTestProject.DLL" adapterTypeName="Microsoft.VisualStudio.TestTools.TestTypes.Unit.UnitTestAdapter, Microsoft.VisualStudio.QualityTools.Tips.UnitTest.Adapter, Version=10.0.0.0, Culture=neutral, PublicKeyToken=b03f5f7f11d50a3a" className="ShaftTestProject.SpecificationData_InformationForSpecificationTest, ShaftTestProject, Version=1.0.0.0, Culture=neutral, PublicKeyToken=null" name="SpecificationData_InformationForSpecificationConstructorTest" />
    </UnitTest>
    <UnitTest name="OutsideDiametrTest" storage="c:\users\yelisey\desktop\rsapr\новая папка\shaft\shafttestproject\bin\release\shafttestproject.dll" id="a39d0089-2b63-d776-705b-8601bea1b978">
      <Execution id="2d138d33-31a1-4048-ab7b-2dbd57e76453" />
      <TestMethod codeBase="C:/Users/Yelisey/Desktop/RSAPR/Новая папка/Shaft/ShaftTestProject/bin/Release/ShaftTestProject.DLL" adapterTypeName="Microsoft.VisualStudio.TestTools.TestTypes.Unit.UnitTestAdapter, Microsoft.VisualStudio.QualityTools.Tips.UnitTest.Adapter, Version=10.0.0.0, Culture=neutral, PublicKeyToken=b03f5f7f11d50a3a" className="ShaftTestProject.MainShaftTest, ShaftTestProject, Version=1.0.0.0, Culture=neutral, PublicKeyToken=null" name="OutsideDiametrTest" />
    </UnitTest>
    <UnitTest name="SpecificationManagerConstructorTest" storage="c:\users\yelisey\desktop\rsapr\новая папка\shaft\shafttestproject\bin\release\shafttestproject.dll" id="6efa7041-0a70-a87d-0252-501a367db3fc">
      <Execution id="82778c57-a1a4-44f4-bd99-4ab0a7574b02" />
      <TestMethod codeBase="C:/Users/Yelisey/Desktop/RSAPR/Новая папка/Shaft/ShaftTestProject/bin/Release/ShaftTestProject.DLL" adapterTypeName="Microsoft.VisualStudio.TestTools.TestTypes.Unit.UnitTestAdapter, Microsoft.VisualStudio.QualityTools.Tips.UnitTest.Adapter, Version=10.0.0.0, Culture=neutral, PublicKeyToken=b03f5f7f11d50a3a" className="ShaftTestProject.SpecificationManagerTest, ShaftTestProject, Version=1.0.0.0, Culture=neutral, PublicKeyToken=null" name="SpecificationManagerConstructorTest" />
    </UnitTest>
    <UnitTest name="GetCoordForSlotsTest" storage="c:\users\yelisey\desktop\rsapr\новая папка\shaft\shafttestproject\bin\release\shafttestproject.dll" id="40ae323b-a73d-7ab8-49ee-2b900ce487c2">
      <Execution id="19113929-aae9-4d3a-a1e0-bb9ad4b1f177" />
      <TestMethod codeBase="C:/Users/Yelisey/Desktop/RSAPR/Новая папка/Shaft/ShaftTestProject/bin/Release/ShaftTestProject.DLL" adapterTypeName="Microsoft.VisualStudio.TestTools.TestTypes.Unit.UnitTestAdapter, Microsoft.VisualStudio.QualityTools.Tips.UnitTest.Adapter, Version=10.0.0.0, Culture=neutral, PublicKeyToken=b03f5f7f11d50a3a" className="ShaftTestProject.MathLogicTest, ShaftTestProject, Version=1.0.0.0, Culture=neutral, PublicKeyToken=null" name="GetCoordForSlotsTest" />
    </UnitTest>
  </TestDefinitions>
  <TestLists>
    <TestList name="Results Not in a List" id="8c84fa94-04c1-424b-9868-57a2d4851a1d" />
    <TestList name="All Loaded Results" id="19431567-8539-422a-85d7-44ee4e166bda" />
  </TestLists>
  <TestEntries>
    <TestEntry testId="40ae323b-a73d-7ab8-49ee-2b900ce487c2" executionId="19113929-aae9-4d3a-a1e0-bb9ad4b1f177" testListId="8c84fa94-04c1-424b-9868-57a2d4851a1d" />
    <TestEntry testId="6efa7041-0a70-a87d-0252-501a367db3fc" executionId="82778c57-a1a4-44f4-bd99-4ab0a7574b02" testListId="8c84fa94-04c1-424b-9868-57a2d4851a1d" />
    <TestEntry testId="73b5c701-5b4c-7609-18f0-998d7642eaf6" executionId="68da6e99-a2f2-4945-89aa-870506d10c72" testListId="8c84fa94-04c1-424b-9868-57a2d4851a1d" />
    <TestEntry testId="97efb2d1-8907-be84-d929-4b8e1fa3252d" executionId="36e25c2d-0052-4778-be8b-3a6c808fbe6e" testListId="8c84fa94-04c1-424b-9868-57a2d4851a1d" />
    <TestEntry testId="a39d0089-2b63-d776-705b-8601bea1b978" executionId="2d138d33-31a1-4048-ab7b-2dbd57e76453" testListId="8c84fa94-04c1-424b-9868-57a2d4851a1d" />
    <TestEntry testId="fb5869dc-1fb4-3106-ead5-f9d228aecce1" executionId="1fcf60b6-99ff-4ed2-8c46-4f14505af2e3" testListId="8c84fa94-04c1-424b-9868-57a2d4851a1d" />
  </TestEntries>
  <Results>
    <UnitTestResult executionId="19113929-aae9-4d3a-a1e0-bb9ad4b1f177" testId="40ae323b-a73d-7ab8-49ee-2b900ce487c2" testName="GetCoordForSlotsTest" computerName="YELISEY-PROF" duration="00:00:00.0239296" startTime="2014-12-09T15:03:00.3819398+06:00" endTime="2014-12-09T15:03:01.2737414+06:00" testType="13cdc9d9-ddb5-4fa4-a97d-d965ccfc6d4b" outcome="Passed" testListId="8c84fa94-04c1-424b-9868-57a2d4851a1d" relativeResultsDirectory="19113929-aae9-4d3a-a1e0-bb9ad4b1f177">
    </UnitTestResult>
    <UnitTestResult executionId="82778c57-a1a4-44f4-bd99-4ab0a7574b02" testId="6efa7041-0a70-a87d-0252-501a367db3fc" testName="SpecificationManagerConstructorTest" computerName="YELISEY-PROF" duration="00:00:00.0010309" startTime="2014-12-09T15:03:01.2807477+06:00" endTime="2014-12-09T15:03:01.2907567+06:00" testType="13cdc9d9-ddb5-4fa4-a97d-d965ccfc6d4b" outcome="Passed" testListId="8c84fa94-04c1-424b-9868-57a2d4851a1d" relativeResultsDirectory="82778c57-a1a4-44f4-bd99-4ab0a7574b02">
    </UnitTestResult>
    <UnitTestResult executionId="68da6e99-a2f2-4945-89aa-870506d10c72" testId="73b5c701-5b4c-7609-18f0-998d7642eaf6" testName="MainShaftConstructorTest1" computerName="YELISEY-PROF" duration="00:00:00.0014455" startTime="2014-12-09T15:03:01.2967598+06:00" endTime="2014-12-09T15:03:01.3077858+06:00" testType="13cdc9d9-ddb5-4fa4-a97d-d965ccfc6d4b" outcome="Passed" testListId="8c84fa94-04c1-424b-9868-57a2d4851a1d" relativeResultsDirectory="68da6e99-a2f2-4945-89aa-870506d10c72">
    </UnitTestResult>
    <UnitTestResult executionId="36e25c2d-0052-4778-be8b-3a6c808fbe6e" testId="97efb2d1-8907-be84-d929-4b8e1fa3252d" testName="SpecificationData_InformationForSpecificationConstructorTest" computerName="YELISEY-PROF" duration="00:00:00.0003337" startTime="2014-12-09T15:03:01.3127749+06:00" endTime="2014-12-09T15:03:01.3227986+06:00" testType="13cdc9d9-ddb5-4fa4-a97d-d965ccfc6d4b" outcome="Passed" testListId="8c84fa94-04c1-424b-9868-57a2d4851a1d" relativeResultsDirectory="36e25c2d-0052-4778-be8b-3a6c808fbe6e">
    </UnitTestResult>
    <UnitTestResult executionId="2d138d33-31a1-4048-ab7b-2dbd57e76453" testId="a39d0089-2b63-d776-705b-8601bea1b978" testName="OutsideDiametrTest" computerName="YELISEY-PROF" duration="00:00:00.0002586" startTime="2014-12-09T15:03:01.3277884+06:00" endTime="2014-12-09T15:03:01.3357980+06:00" testType="13cdc9d9-ddb5-4fa4-a97d-d965ccfc6d4b" outcome="Passed" testListId="8c84fa94-04c1-424b-9868-57a2d4851a1d" relativeResultsDirectory="2d138d33-31a1-4048-ab7b-2dbd57e76453">
    </UnitTestResult>
    <UnitTestResult executionId="1fcf60b6-99ff-4ed2-8c46-4f14505af2e3" testId="fb5869dc-1fb4-3106-ead5-f9d228aecce1" testName="SpecificationGeneralConstructorTest" computerName="YELISEY-PROF" duration="00:00:00.0005674" startTime="2014-12-09T15:03:01.3408017+06:00" endTime="2014-12-09T15:03:01.3508084+06:00" testType="13cdc9d9-ddb5-4fa4-a97d-d965ccfc6d4b" outcome="Passed" testListId="8c84fa94-04c1-424b-9868-57a2d4851a1d" relativeResultsDirectory="1fcf60b6-99ff-4ed2-8c46-4f14505af2e3">
    </UnitTestResult>
  </Results>
</TestRun>